Microchip MPLAB XC8 Compiler V2.41

Linker command line:

-W-3 \
  --edf=C:/Program Files/Microchip/MPLABX/v6.10/packs/Microchip/PIC18Fxxxx_DFP/1.4.151/xc8\pic\dat\20230323171731_en.msgs \
  -cn -h+dist/default/production\project.X.production.sym \
  --cmf=dist/default/production\project.X.production.cmf -z -Q18F4620 \
  -oC:\Users\ACC\AppData\Local\Temp\xcAs4a4.\driver_tmp_3.o \
  --defsym=__MPLAB_BUILD=1 --fixupoverflow=error \
  -Mdist/default/production/project.X.production.map \
  --md=C:\Users\ACC\AppData\Local\Temp\xcAs4a4.\driver_tmp_0.dat -E1 \
  -ver=XC8 Compiler --acfsm=1493 -ACODE=00h-0FFFFh -ACONST=00h-0FFFFh \
  -ASMALLCONST=01000h-010FFhx240 -AMEDIUMCONST=01000h-0FFFFh \
  -ACOMRAM=01h-07Fh -AABS1=00h-0F7Fh -ABIGRAM=01h-0F7Fh \
  -ARAM=080h-0FFh,0100h-01FFhx14,0F00h-0F7Fh -ABANK0=080h-0FFh \
  -ABANK1=0100h-01FFh -ABANK2=0200h-02FFh -ABANK3=0300h-03FFh \
  -ABANK4=0400h-04FFh -ABANK5=0500h-05FFh -ABANK6=0600h-06FFh \
  -ABANK7=0700h-07FFh -ABANK8=0800h-08FFh -ABANK9=0900h-09FFh \
  -ABANK10=0A00h-0AFFh -ABANK11=0B00h-0BFFh -ABANK12=0C00h-0CFFh \
  -ABANK13=0D00h-0DFFh -ABANK14=0E00h-0EFFh -ABANK15=0F00h-0F7Fh \
  -ASFR=0F80h-0FFFh -ABIGSFR=0F80h-0FFFh -ACONFIG=0300000h-030000Dh \
  -AIDLOC=0200000h-0200007h -AEEDATA=0F00000h-0F003FFh -peeprom_data=EEDATA \
  -preset_vec=00h,intcode=08h,intcodelo,powerup,init -pramtop=01000h \
  -psmallconst=SMALLCONST -pmediumconst=MEDIUMCONST -pconst=CONST \
  -AFARRAM=00h-00h \
  -prdata=COMRAM,nvrram=COMRAM,nvbit=COMRAM,rbss=COMRAM,rbit=COMRAM \
  -pfarbss=FARRAM,fardata=FARRAM,nvFARRAM=FARRAM \
  -pintsave_regs=BIGRAM,bigbss=BIGRAM,bigdata=BIGRAM -pbss=RAM \
  -pidata=CODE,irdata=CODE,ibigdata=CODE,ifardata=CODE -prparam=COMRAM \
  C:\Users\ACC\AppData\Local\Temp\xcAs4a4.\driver_tmp_9.o \
  dist/default/production\project.X.production.o 

Object code version is 3.11

Machine type is 18F4620



                Name                               Link     Load   Length Selector   Space Scale
C:\Users\ACC\AppData\Local\Temp\xcAs4a4.\driver_tmp_9.o
                config                           300000   300000        E        0       4
                init                                  E        E        4        4       0
                reset_vec                             0        0        4        0       0
dist/default/production\project.X.production.o
                intcode                               8        8        6        4       0
                config                           300000   300000        E        0       4
                temp                                 75       75        1        1       1
                smallconst                         1000     1000       36      800       0
                text52                             2A4A     2A4A        4     1419       0
                text51                             2A46     2A46        4     1419       0
                text50                             2A42     2A42        4     1419       0
                text49                             2A4E     2A4E        2     1419       0
                text48                             2A3E     2A3E        4     1419       0
                text47                             24F8     24F8       6E      81B       0
                text46                             2950     2950       26     1419       0
                text45                             2922     2922       2E     1419       0
                text44                             28F4     28F4       2E     1419       0
                text43                             28C6     28C6       2E     1419       0
                text42                             29DE     29DE       1A     1419       0
                text41                             29C4     29C4       1A     1419       0
                text40                             29AA     29AA       1A     1419       0
                text39                             2990     2990       1A     1419       0
                text38                             2A3A     2A3A        4     1419       0
                text37                             27AC     27AC       46      81B       0
                text36                             2832     2832       36     1419       0
                text35                             2A1C     2A1C        C     1419       0
                text34                             2A32     2A32        8     1419       0
                text33                             2A10     2A10        C     1419       0
                intcode_body                       1036     1036      3E6      81B       0
                text31                             1C42     1C42       9C      81B       0
                text30                             2418     2418       72      81B       0
                text29                             23A6     23A6       72      81B       0
                text28                             1A4C     1A4C      12A      81B       0
                text27                             21BE     21BE       7E      81B       0
                text26                             16A0     16A0      144      81B       0
                text25                             1920     1920      12C      81B       0
                text24                             2566     2566       6C      81B       0
                text23                             2868     2868       30     1419       0
                text22                             248A     248A       6E      81B       0
                text21                             213E     213E       80      81B       0
                text20                             203A     203A       84      81B       0
                text19                             25D2     25D2       6A      81B       0
                text18                             232E     232E       78      81B       0
                text17                             1E9E     1E9E       94      81B       0
                text16                             2976     2976       1A     1419       0
                text15                             269E     269E       62      81B       0
                text14                             275E     275E       4E      81B       0
                text13                             1D74     1D74       96      81B       0
                text12                             17E4     17E4      13C      81B       0
                text11                             20BE     20BE       80      81B       0
                text10                             2898     2898       2E     1419       0
                text9                              223C     223C       7A      81B       0
                text8                              2A28     2A28        A     1419       0
                text7                              1CDE     1CDE       96      81B       0
                text6                              22B6     22B6       78      81B       0
                text5                              1B76     1B76       CC      81B       0
                text4                              2700     2700       5E      81B       0
                text3                              1FB6     1FB6       84      81B       0
                text2                              1F32     1F32       84      81B       0
                text1                              1E0A     1E0A       94      81B       0
                text0                              141C     141C      284      81B       0
                cstackCOMRAM                         39       39       23        1       1
                cstackBANK0                          E0       E0        A       80       1
                dataBANK0                            80       80       3F       80       1
                bssBANK0                             BF       BF       21       80       1
                dataCOMRAM                           5C       5C       18        1       1
                bssCOMRAM                             1        1       38        1       1
                cinit                              263C     263C       62      81B       0
                nvCOMRAM                             74       74        1        1       1
                idataBANK0                         27F2     27F2       3F      81B       0
                idataCOMRAM                        29F8     29F8       18     1419       0

TOTAL           Name                               Link     Load   Length     Space
        CLASS   CODE           
                intcode                               8        8        6         0
                init                                  E        E        4         0
                reset_vec                             0        0        4         0
                text52                             2A4A     2A4A        4         0
                text51                             2A46     2A46        4         0
                text50                             2A42     2A42        4         0
                text49                             2A4E     2A4E        2         0
                text48                             2A3E     2A3E        4         0
                text47                             24F8     24F8       6E         0
                text46                             2950     2950       26         0
                text45                             2922     2922       2E         0
                text44                             28F4     28F4       2E         0
                text43                             28C6     28C6       2E         0
                text42                             29DE     29DE       1A         0
                text41                             29C4     29C4       1A         0
                text40                             29AA     29AA       1A         0
                text39                             2990     2990       1A         0
                text38                             2A3A     2A3A        4         0
                text37                             27AC     27AC       46         0
                text36                             2832     2832       36         0
                text35                             2A1C     2A1C        C         0
                text34                             2A32     2A32        8         0
                text33                             2A10     2A10        C         0
                intcode_body                       1036     1036      3E6         0
                text31                             1C42     1C42       9C         0
                text30                             2418     2418       72         0
                text29                             23A6     23A6       72         0
                text28                             1A4C     1A4C      12A         0
                text27                             21BE     21BE       7E         0
                text26                             16A0     16A0      144         0
                text25                             1920     1920      12C         0
                text24                             2566     2566       6C         0
                text23                             2868     2868       30         0
                text22                             248A     248A       6E         0
                text21                             213E     213E       80         0
                text20                             203A     203A       84         0
                text19                             25D2     25D2       6A         0
                text18                             232E     232E       78         0
                text17                             1E9E     1E9E       94         0
                text16                             2976     2976       1A         0
                text15                             269E     269E       62         0
                text14                             275E     275E       4E         0
                text13                             1D74     1D74       96         0
                text12                             17E4     17E4      13C         0
                text11                             20BE     20BE       80         0
                text10                             2898     2898       2E         0
                text9                              223C     223C       7A         0
                text8                              2A28     2A28        A         0
                text7                              1CDE     1CDE       96         0
                text6                              22B6     22B6       78         0
                text5                              1B76     1B76       CC         0
                text4                              2700     2700       5E         0
                text3                              1FB6     1FB6       84         0
                text2                              1F32     1F32       84         0
                text1                              1E0A     1E0A       94         0
                text0                              141C     141C      284         0
                cinit                              263C     263C       62         0
                idataBANK0                         27F2     27F2       3F         0
                idataCOMRAM                        29F8     29F8       18         0

        CLASS   CONST          

        CLASS   SMALLCONST     
                smallconst                         1000     1000       36         0

        CLASS   MEDIUMCONST    

        CLASS   COMRAM         
                temp                                 75       75        1         1
                cstackCOMRAM                         39       39       23         1
                dataCOMRAM                           5C       5C       18         1
                bssCOMRAM                             1        1       38         1
                nvCOMRAM                             74       74        1         1

        CLASS   ABS1           

        CLASS   BIGRAM         

        CLASS   RAM            

        CLASS   BANK0          
                cstackBANK0                          E0       E0        A         1
                dataBANK0                            80       80       3F         1
                bssBANK0                             BF       BF       21         1

        CLASS   BANK1          

        CLASS   BANK2          

        CLASS   BANK3          

        CLASS   BANK4          

        CLASS   BANK5          

        CLASS   BANK6          

        CLASS   BANK7          

        CLASS   BANK8          

        CLASS   BANK9          

        CLASS   BANK10         

        CLASS   BANK11         

        CLASS   BANK12         

        CLASS   BANK13         

        CLASS   BANK14         

        CLASS   BANK15         

        CLASS   SFR            

        CLASS   BIGSFR         

        CLASS   CONFIG         
                config                           300000   300000        E         4

        CLASS   IDLOC          

        CLASS   EEDATA         

        CLASS   FARRAM         

        CLASS   HEAP           

        CLASS   STACK          



SEGMENTS        Name                           Load    Length   Top    Selector   Space  Class

                reset_vec                      000000  000004  000004         0       0  CODE    
                bssCOMRAM                      000001  000075  000076         1       1  COMRAM  
                intcode                        000008  00000A  000012         4       0  CODE    
                dataBANK0                      000080  00006A  0000EA        80       1  BANK0   
                smallconst                     001000  000036  001036       800       0  SMALLCON
                intcode_body                   001036  0017FB  002831       81B       0  CODE    
                text36                         002832  00021E  002A50      1419       0  CODE    


UNUSED ADDRESS RANGES

        Name                Unused          Largest block    Delta
        BANK0            0000EA-0000FF               16
        BANK1            000100-0001FF              100
        BANK10           000A00-000AFF              100
        BANK11           000B00-000BFF              100
        BANK12           000C00-000CFF              100
        BANK13           000D00-000DFF              100
        BANK14           000E00-000EFF              100
        BANK15           000F00-000F7F               80
        BANK2            000200-0002FF              100
        BANK3            000300-0003FF              100
        BANK4            000400-0004FF              100
        BANK5            000500-0005FF              100
        BANK6            000600-0006FF              100
        BANK7            000700-0007FF              100
        BANK8            000800-0008FF              100
        BANK9            000900-0009FF              100
        BIGRAM           000076-00007F                A
                         0000EA-000F7F              E96
        BIGSFR           000F80-000FFF               80
        CODE             000004-000007                4
                         000012-000FFF              FEE
                         002831-002831                1
                         002A50-00FFFF             D5B0
        COMRAM           000076-00007F                A
        CONST            000004-000007                4
                         000012-000FFF              FEE
                         002831-002831                1
                         002A50-00FFFF             D5B0
        EEDATA           F00000-F003FF              400
        IDLOC            200000-200007                8
        MEDIUMCONST      002831-002831                1
                         002A50-00FFFF             D5B0
        RAM              0000EA-000F7F              100
        SFR              000F80-000FFF               80
        SMALLCONST       002831-002831                1
                         002A50-00FFFF              100

                                  Symbol Table

CCP1_Capture_read_value@F3262          bssCOMRAM    000025
CCP1_Compare_write_value@F3272         bssCOMRAM    000023
EUART_ASYNC_Init@F3260                 dataCOMRAM   00006A
EUART_ASYNC_Init@F3262                 dataCOMRAM   000069
Interrupt_INTx_Call_Back@int_obj       cstackCOMRAM 000043
Interrupt_INTx_Call_Back@ret           cstackCOMRAM 000047
Interrupt_INTx_Clear_flag@int_obj      cstackCOMRAM 000043
Interrupt_INTx_Clear_flag@ret          cstackCOMRAM 000047
Interrupt_INTx_Disable@int_obj         cstackCOMRAM 000043
Interrupt_INTx_Disable@ret             cstackCOMRAM 000047
Interrupt_INTx_Edge_init@int_obj       cstackCOMRAM 000043
Interrupt_INTx_Edge_init@ret           cstackCOMRAM 000047
Interrupt_INTx_Enable@int_obj          cstackCOMRAM 000043
Interrupt_INTx_Enable@ret              cstackCOMRAM 000047
Interrupt_INTx_Init@int_obj            cstackCOMRAM 000054
Interrupt_INTx_Init@ret                cstackCOMRAM 000056
Interrupt_INTx_Pin_init@int_obj        cstackCOMRAM 000051
Interrupt_INTx_Pin_init@ret            cstackCOMRAM 000053
RB4_ISR@RB4_source                     cstackCOMRAM 000039
RB5_ISR@RB5_source                     cstackCOMRAM 000039
RB6_ISR@RB6_source                     cstackCOMRAM 000039
RB7_ISR@RB7_source                     cstackCOMRAM 000039
SPI_Master_Init@F3223                  dataCOMRAM   000067
SPI_Master_Init@F3225                  dataCOMRAM   000066
SPI_Master_Init@F3227                  dataCOMRAM   000065
SPI_Master_Init@F3229                  dataCOMRAM   000064
SPI_Slave_Init@F3237                   dataCOMRAM   000063
SPI_Slave_Init@F3239                   dataCOMRAM   000062
SPI_Slave_Init@F3241                   dataCOMRAM   000061
SPI_Slave_Init@F3243                   dataCOMRAM   000060
Timer0_Mode_select@TM0_obj             cstackCOMRAM 000043
Timer0_Prescaler_select@TM0_obj        cstackCOMRAM 000043
Timer0_REGISTER_select@TM0_obj         cstackCOMRAM 000043
Timer0_Write_Value@TM0_obj             cstackCOMRAM 000043
Timer0_Write_Value@ret                 cstackCOMRAM 000049
Timer0_Write_Value@value               cstackCOMRAM 000045
Timer0_init@TM0_obj                    cstackCOMRAM 00004A
Timer0_init@ret                        cstackCOMRAM 00004C
_ADCON0bits                            (abs)        000FC2
_ADCON1bits                            (abs)        000FC1
_ADCON2bits                            (abs)        000FC0
_ADC_ISR                               text52       002A4A
_ADC_InterruptCallBack                 bssCOMRAM    00002B
_ADRESH                                (abs)        000FC4
_ADRESL                                (abs)        000FC3
_BAUDCONbits                           (abs)        000FB8
_CCP1CONbits                           (abs)        000FBD
_CCP1_ISR                              text51       002A46
_CCP1_InterruptHandeler                bssCOMRAM    000029
_CCP2CONbits                           (abs)        000FBA
_CCP2_ISR                              text50       002A42
_CCP2_InterruptHandeler                bssCOMRAM    000027
_CCPR1H                                (abs)        000FBF
_CCPR1L                                (abs)        000FBE
_CCPR2H                                (abs)        000FBC
_CCPR2L                                (abs)        000FBB
_EEADR                                 (abs)        000FA9
_EEADRH                                (abs)        000FAA
_EECON1bits                            (abs)        000FA6
_EECON2                                (abs)        000FA7
_EEDATA                                (abs)        000FA8
_EUSART_RX_ISR                         text49       002A4E
_EUSART_TX_ISR                         text48       002A3E
_INT0_ISR                              text45       002922
_INT0_interrubt                        text46       002950
_INT1_ISR                              text44       0028F4
_INT2_ISR                              text43       0028C6
_INTCON2bits                           (abs)        000FF1
_INTCON3bits                           (abs)        000FF0
_INTCONbits                            (abs)        000FF2
_INTx_Call_Back                        bssCOMRAM    000001
_Interrupt_INTx_Call_Back              text31       001C42
_Interrupt_INTx_Clear_flag             text30       002418
_Interrupt_INTx_Disable                text29       0023A6
_Interrupt_INTx_Edge_init              text28       001A4C
_Interrupt_INTx_Enable                 text27       0021BE
_Interrupt_INTx_Init                   text22       00248A
_Interrupt_INTx_Pin_init               text23       002868
_Interrupt_manager                     intcode      000008
_LATA                                  (abs)        000F89
_LATB                                  (abs)        000F8A
_LATC                                  (abs)        000F8B
_LATD                                  (abs)        000F8C
_LATE                                  (abs)        000F8D
_Mcal_initialize                       text16       002976
_PIE1bits                              (abs)        000F9D
_PIE2bits                              (abs)        000FA0
_PIR1bits                              (abs)        000F9E
_PIR2bits                              (abs)        000FA1
_PORTA                                 (abs)        000F80
_PORTB                                 (abs)        000F81
_PORTBbits                             (abs)        000F81
_PORTC                                 (abs)        000F82
_PORTD                                 (abs)        000F83
_PORTE                                 (abs)        000F84
_RB4_ISR                               text42       0029DE
_RB5_ISR                               text41       0029C4
_RB6_ISR                               text40       0029AA
_RB7_ISR                               text39       002990
_RBx_Call_Back                         bssBANK0     0000BF
_RBx_flag                              bssCOMRAM    000007
_RCREG                                 (abs)        000FAE
_RCSTAbits                             (abs)        000FAB
_SPBRG                                 (abs)        000FAF
_SPBRGH                                (abs)        000FB0
_SPI_CallBack                          bssCOMRAM    00000B
_SPI_ISR                               text38       002A3A
_SSPBUF                                (abs)        000FC9
_SSPCON1bits                           (abs)        000FC6
_SSPSTATbits                           (abs)        000FC7
_T0CONbits                             (abs)        000FD5
_T1CONbits                             (abs)        000FCD
_T2CONbits                             (abs)        000FCA
_T3CONbits                             (abs)        000FB1
_TIMER0_ISR                            text36       002832
_TIMER1_ISR                            text35       002A1C
_TIMER2_ISR                            text34       002A32
_TIMER3_ISR                            text33       002A10
_TMR0H                                 (abs)        000FD7
_TMR0L                                 (abs)        000FD6
_TMR1H                                 (abs)        000FCF
_TMR1L                                 (abs)        000FCE
_TMR2                                  (abs)        000FCC
_TMR3H                                 (abs)        000FB3
_TMR3L                                 (abs)        000FB2
_TRISA                                 (abs)        000F92
_TRISB                                 (abs)        000F93
_TRISC                                 (abs)        000F94
_TRISD                                 (abs)        000F95
_TRISE                                 (abs)        000F96
_TXREG                                 (abs)        000FAD
_TXSTAbits                             (abs)        000FAC
_Timer0InterruptHandeler               bssCOMRAM    000021
_Timer0_Mode_select                    text21       00213E
_Timer0_Prescaler_select               text20       00203A
_Timer0_REGISTER_select                text19       0025D2
_Timer0_Write_Value                    text18       00232E
_Timer0_init                           text17       001E9E
_Timer1InterruptHandeler               bssCOMRAM    00001D
_Timer2InterruptHandeler               bssCOMRAM    000019
_Timer3InterruptHandeler               bssCOMRAM    000017
_Uart_FRAMING_CallBack                 bssCOMRAM    00000F
_Uart_OVERRUN_CallBack                 bssCOMRAM    00000D
_Uart_RX_CallBack                      bssCOMRAM    000011
_Uart_TX_CallBack                      bssCOMRAM    000013
__HRAM                                 (abs)        000000
__H__absolute__                        __absolute__ 000000
__Habs1                                abs1         000000
__Hbank0                               bank0        000000
__Hbank1                               bank1        000000
__Hbank10                              bank10       000000
__Hbank11                              bank11       000000
__Hbank12                              bank12       000000
__Hbank13                              bank13       000000
__Hbank14                              bank14       000000
__Hbank15                              bank15       000000
__Hbank2                               bank2        000000
__Hbank3                               bank3        000000
__Hbank4                               bank4        000000
__Hbank5                               bank5        000000
__Hbank6                               bank6        000000
__Hbank7                               bank7        000000
__Hbank8                               bank8        000000
__Hbank9                               bank9        000000
__Hbigbss                              bigbss       000000
__Hbigdata                             bigdata      000000
__Hbigram                              bigram       000000
__Hbigsfr                              bigsfr       000000
__Hbss                                 bss          000000
__HbssBANK0                            bssBANK0     000000
__HbssCOMRAM                           bssCOMRAM    000000
__Hcinit                               cinit        000000
__Hclrtext                             clrtext      000000
__Hcomram                              comram       000000
__Hconfig                              config       30000E
__Hconst                               const        000000
__HcstackBANK0                         cstackBANK0  000000
__HcstackCOMRAM                        cstackCOMRAM 000000
__Hdata                                data         000000
__HdataBANK0                           dataBANK0    000000
__HdataCOMRAM                          dataCOMRAM   000000
__Heeprom_data                         eeprom_data  000000
__Hfarbss                              farbss       000000
__Hfardata                             fardata      000000
__Hheap                                heap         000000
__Hibigdata                            ibigdata     000000
__Hidata                               idata        000000
__HidataBANK0                          idataBANK0   000000
__HidataCOMRAM                         idataCOMRAM  000000
__Hidloc                               idloc        000000
__Hifardata                            ifardata     000000
__Hinit                                init         000012
__Hintcode                             intcode      00000E
__Hintcode_body                        intcode_body 000000
__Hintcodelo                           intcodelo    00000E
__Hintentry                            intentry     000000
__Hintret                              intret       000000
__Hintsave_regs                        intsave_regs 000000
__Hirdata                              irdata       000000
__Hmediumconst                         mediumconst  000000
__HnvCOMRAM                            nvCOMRAM     000000
__HnvFARRAM                            nvFARRAM     000000
__Hnvbit                               nvbit        000000
__Hnvrram                              nvrram       000000
__Hparam                               rparam       000000
__Hpowerup                             powerup      00000E
__Hram                                 ram          000000
__Hramtop                              ramtop       001000
__Hrbit                                rbit         000000
__Hrbss                                rbss         000000
__Hrdata                               rdata        000000
__Hreset_vec                           reset_vec    000004
__Hrparam                              rparam       000000
__Hsfr                                 sfr          000000
__Hsmallconst                          smallconst   001036
__Hspace_0                             (abs)        002A50
__Hspace_1                             (abs)        0000EA
__Hspace_2                             (abs)        000000
__Hspace_4                             (abs)        60000E
__Hstack                               stack        000000
__Hstruct                              struct       000000
__Htemp                                temp         000076
__Htext                                text         000000
__Htext0                               text0        000000
__Htext1                               text1        000000
__Htext10                              text10       000000
__Htext11                              text11       000000
__Htext12                              text12       000000
__Htext13                              text13       000000
__Htext14                              text14       000000
__Htext15                              text15       000000
__Htext16                              text16       000000
__Htext17                              text17       000000
__Htext18                              text18       000000
__Htext19                              text19       000000
__Htext2                               text2        000000
__Htext20                              text20       000000
__Htext21                              text21       000000
__Htext22                              text22       000000
__Htext23                              text23       000000
__Htext24                              text24       000000
__Htext25                              text25       000000
__Htext26                              text26       000000
__Htext27                              text27       000000
__Htext28                              text28       000000
__Htext29                              text29       000000
__Htext3                               text3        000000
__Htext30                              text30       000000
__Htext31                              text31       000000
__Htext33                              text33       000000
__Htext34                              text34       000000
__Htext35                              text35       000000
__Htext36                              text36       000000
__Htext37                              text37       000000
__Htext38                              text38       000000
__Htext39                              text39       000000
__Htext4                               text4        000000
__Htext40                              text40       000000
__Htext41                              text41       000000
__Htext42                              text42       000000
__Htext43                              text43       000000
__Htext44                              text44       000000
__Htext45                              text45       000000
__Htext46                              text46       000000
__Htext47                              text47       000000
__Htext48                              text48       000000
__Htext49                              text49       000000
__Htext5                               text5        000000
__Htext50                              text50       000000
__Htext51                              text51       000000
__Htext52                              text52       000000
__Htext53                              text53       000000
__Htext6                               text6        000000
__Htext7                               text7        000000
__Htext8                               text8        000000
__Htext9                               text9        000000
__LRAM                                 (abs)        000001
__L__absolute__                        __absolute__ 000000
__Labs1                                abs1         000000
__Lbank0                               bank0        000000
__Lbank1                               bank1        000000
__Lbank10                              bank10       000000
__Lbank11                              bank11       000000
__Lbank12                              bank12       000000
__Lbank13                              bank13       000000
__Lbank14                              bank14       000000
__Lbank15                              bank15       000000
__Lbank2                               bank2        000000
__Lbank3                               bank3        000000
__Lbank4                               bank4        000000
__Lbank5                               bank5        000000
__Lbank6                               bank6        000000
__Lbank7                               bank7        000000
__Lbank8                               bank8        000000
__Lbank9                               bank9        000000
__Lbigbss                              bigbss       000000
__Lbigdata                             bigdata      000000
__Lbigram                              bigram       000000
__Lbigsfr                              bigsfr       000000
__Lbss                                 bss          000000
__LbssBANK0                            bssBANK0     000000
__LbssCOMRAM                           bssCOMRAM    000000
__Lcinit                               cinit        000000
__Lclrtext                             clrtext      000000
__Lcomram                              comram       000000
__Lconfig                              config       000000
__Lconst                               const        000000
__LcstackBANK0                         cstackBANK0  000000
__LcstackCOMRAM                        cstackCOMRAM 000000
__Ldata                                data         000000
__LdataBANK0                           dataBANK0    000000
__LdataCOMRAM                          dataCOMRAM   000000
__Leeprom_data                         eeprom_data  000000
__Lfarbss                              farbss       000000
__Lfardata                             fardata      000000
__Lheap                                heap         000000
__Libigdata                            ibigdata     000000
__Lidata                               idata        000000
__LidataBANK0                          idataBANK0   000000
__LidataCOMRAM                         idataCOMRAM  000000
__Lidloc                               idloc        000000
__Lifardata                            ifardata     000000
__Linit                                init         00000E
__Lintcode                             intcode      000008
__Lintcode_body                        intcode_body 000000
__Lintcodelo                           intcodelo    00000E
__Lintentry                            intentry     000000
__Lintret                              intret       000000
__Lintsave_regs                        intsave_regs 000000
__Lirdata                              irdata       000000
__Lmediumconst                         mediumconst  000000
__LnvCOMRAM                            nvCOMRAM     000000
__LnvFARRAM                            nvFARRAM     000000
__Lnvbit                               nvbit        000000
__Lnvrram                              nvrram       000000
__Lparam                               rparam       000000
__Lpowerup                             powerup      00000E
__Lram                                 ram          000000
__Lramtop                              ramtop       001000
__Lrbit                                rbit         000000
__Lrbss                                rbss         000000
__Lrdata                               rdata        000000
__Lreset_vec                           reset_vec    000000
__Lrparam                              rparam       000000
__Lsfr                                 sfr          000000
__Lsmallconst                          smallconst   001000
__Lspace_0                             (abs)        000000
__Lspace_1                             (abs)        000000
__Lspace_2                             (abs)        000000
__Lspace_4                             (abs)        000000
__Lstack                               stack        000000
__Lstruct                              struct       000000
__Ltemp                                temp         000075
__Ltext                                text         000000
__Ltext0                               text0        000000
__Ltext1                               text1        000000
__Ltext10                              text10       000000
__Ltext11                              text11       000000
__Ltext12                              text12       000000
__Ltext13                              text13       000000
__Ltext14                              text14       000000
__Ltext15                              text15       000000
__Ltext16                              text16       000000
__Ltext17                              text17       000000
__Ltext18                              text18       000000
__Ltext19                              text19       000000
__Ltext2                               text2        000000
__Ltext20                              text20       000000
__Ltext21                              text21       000000
__Ltext22                              text22       000000
__Ltext23                              text23       000000
__Ltext24                              text24       000000
__Ltext25                              text25       000000
__Ltext26                              text26       000000
__Ltext27                              text27       000000
__Ltext28                              text28       000000
__Ltext29                              text29       000000
__Ltext3                               text3        000000
__Ltext30                              text30       000000
__Ltext31                              text31       000000
__Ltext33                              text33       000000
__Ltext34                              text34       000000
__Ltext35                              text35       000000
__Ltext36                              text36       000000
__Ltext37                              text37       000000
__Ltext38                              text38       000000
__Ltext39                              text39       000000
__Ltext4                               text4        000000
__Ltext40                              text40       000000
__Ltext41                              text41       000000
__Ltext42                              text42       000000
__Ltext43                              text43       000000
__Ltext44                              text44       000000
__Ltext45                              text45       000000
__Ltext46                              text46       000000
__Ltext47                              text47       000000
__Ltext48                              text48       000000
__Ltext49                              text49       000000
__Ltext5                               text5        000000
__Ltext50                              text50       000000
__Ltext51                              text51       000000
__Ltext52                              text52       000000
__Ltext53                              text53       000000
__Ltext6                               text6        000000
__Ltext7                               text7        000000
__Ltext8                               text8        000000
__Ltext9                               text9        000000
__S0                                   (abs)        002A50
__S1                                   (abs)        0000EA
__S4                                   (abs)        000000
__S5                                   (abs)        000000
___heap_hi                             (abs)        000000
___heap_lo                             (abs)        000000
___inthi_sp                            stack        000000
___intlo_sp                            stack        000000
___param_bank                          (abs)        000000
___rparam_used                         (abs)        000001
___sp                                  stack        000000
__accesstop                            (abs)        000080
__activetblptr                         (abs)        000003
__end_of_ADC_ISR                       text52       002A4E
__end_of_CCP1_ISR                      text51       002A4A
__end_of_CCP2_ISR                      text50       002A46
__end_of_EUSART_RX_ISR                 text49       002A50
__end_of_EUSART_TX_ISR                 text48       002A42
__end_of_INT0_ISR                      text45       002950
__end_of_INT0_interrubt                text46       002976
__end_of_INT1_ISR                      text44       002922
__end_of_INT2_ISR                      text43       0028F4
__end_of_Interrupt_INTx_Call_Back      text31       001CDE
__end_of_Interrupt_INTx_Clear_flag     text30       00248A
__end_of_Interrupt_INTx_Disable        text29       002418
__end_of_Interrupt_INTx_Edge_init      text28       001B76
__end_of_Interrupt_INTx_Enable         text27       00223C
__end_of_Interrupt_INTx_Init           text22       0024F8
__end_of_Interrupt_INTx_Pin_init       text23       002898
__end_of_Interrupt_manager             intcode_body 00141C
__end_of_Mcal_initialize               text16       002990
__end_of_RB4_ISR                       text42       0029F8
__end_of_RB5_ISR                       text41       0029DE
__end_of_RB6_ISR                       text40       0029C4
__end_of_RB7_ISR                       text39       0029AA
__end_of_SPI_ISR                       text38       002A3E
__end_of_TIMER0_ISR                    text36       002868
__end_of_TIMER1_ISR                    text35       002A28
__end_of_TIMER2_ISR                    text34       002A3A
__end_of_TIMER3_ISR                    text33       002A1C
__end_of_Timer0_Mode_select            text21       0021BE
__end_of_Timer0_Prescaler_select       text20       0020BE
__end_of_Timer0_REGISTER_select        text19       00263C
__end_of_Timer0_Write_Value            text18       0023A6
__end_of_Timer0_init                   text17       001F32
__end_of__initialization               cinit        002694
__end_of_application_initialize        text8        002A32
__end_of_btn_values                    smallconst   00100D
__end_of_ecu_initialize                text9        0022B6
__end_of_gpio_pin_direction_initialize text26       0017E4
__end_of_gpio_pin_initialize           text24       0025D2
__end_of_gpio_pin_write_logic          text25       001A4C
__end_of_initialize_seven_segment      text15       002700
__end_of_lcd_8bit_initialize           text12       001920
__end_of_lcd_8bit_send_char            text7        001D74
__end_of_lcd_8bit_send_command         text13       001E0A
__end_of_lcd_8bit_send_enable          text14       0027AC
__end_of_lcd_8bit_send_string          text6        00232E
__end_of_lcd_8bit_send_string_pos      text4        00275E
__end_of_lcd_8bit_set_cursor           text5        001C42
__end_of_led_initialize                text11       00213E
__end_of_led_turn_off                  text3        00203A
__end_of_led_turn_on                   text2        001FB6
__end_of_main                          text0        0016A0
__end_of_push_button_initialize        text10       0028C6
__end_of_seven_segment_write_number    text1        001E9E
__end_of_timer0_interrubt              text37       0027F2
__end_ofi2_Timer0_Write_Value          text47       002566
__initialization                       cinit        00263C
__mediumconst                          mediumconst  000000
__pbssBANK0                            bssBANK0     0000BF
__pbssCOMRAM                           bssCOMRAM    000001
__pcinit                               cinit        00263C
__pcstackBANK0                         cstackBANK0  0000E0
__pcstackCOMRAM                        cstackCOMRAM 000039
__pdataBANK0                           dataBANK0    000080
__pdataCOMRAM                          dataCOMRAM   00005C
__pidataBANK0                          idataBANK0   0027F2
__pidataCOMRAM                         idataCOMRAM  0029F8
__pintcode                             intcode      000008
__pintcode_body                        intcode_body 001036
__pnvCOMRAM                            nvCOMRAM     000074
__psmallconst                          smallconst   001000
__ptext0                               text0        00141C
__ptext1                               text1        001E0A
__ptext10                              text10       002898
__ptext11                              text11       0020BE
__ptext12                              text12       0017E4
__ptext13                              text13       001D74
__ptext14                              text14       00275E
__ptext15                              text15       00269E
__ptext16                              text16       002976
__ptext17                              text17       001E9E
__ptext18                              text18       00232E
__ptext19                              text19       0025D2
__ptext2                               text2        001F32
__ptext20                              text20       00203A
__ptext21                              text21       00213E
__ptext22                              text22       00248A
__ptext23                              text23       002868
__ptext24                              text24       002566
__ptext25                              text25       001920
__ptext26                              text26       0016A0
__ptext27                              text27       0021BE
__ptext28                              text28       001A4C
__ptext29                              text29       0023A6
__ptext3                               text3        001FB6
__ptext30                              text30       002418
__ptext31                              text31       001C42
__ptext33                              text33       002A10
__ptext34                              text34       002A32
__ptext35                              text35       002A1C
__ptext36                              text36       002832
__ptext37                              text37       0027AC
__ptext38                              text38       002A3A
__ptext39                              text39       002990
__ptext4                               text4        002700
__ptext40                              text40       0029AA
__ptext41                              text41       0029C4
__ptext42                              text42       0029DE
__ptext43                              text43       0028C6
__ptext44                              text44       0028F4
__ptext45                              text45       002922
__ptext46                              text46       002950
__ptext47                              text47       0024F8
__ptext48                              text48       002A3E
__ptext49                              text49       002A4E
__ptext5                               text5        001B76
__ptext50                              text50       002A42
__ptext51                              text51       002A46
__ptext52                              text52       002A4A
__ptext53                              text53       000000
__ptext6                               text6        0022B6
__ptext7                               text7        001CDE
__ptext8                               text8        002A28
__ptext9                               text9        00223C
__ramtop                               ramtop       001000
__smallconst                           smallconst   001000
_application_initialize                text8        002A28
_btn_1                                 dataCOMRAM   00006B
_btn_values                            smallconst   001001
_counter1                              bssCOMRAM    00002D
_counter2                              dataCOMRAM   000068
_ecu_initialize                        text9        00223C
_flag                                  bssCOMRAM    00002F
_flag2                                 bssCOMRAM    00002E
_gpio_pin_direction_initialize         text26       0016A0
_gpio_pin_initialize                   text24       002566
_gpio_pin_write_logic                  text25       001920
_initialize_seven_segment              text15       00269E
_int0                                  dataBANK0    0000AF
_lat_registers                         dataBANK0    000080
_lcd_1                                 dataBANK0    00009E
_lcd_8bit_initialize                   text12       0017E4
_lcd_8bit_send_char                    text7        001CDE
_lcd_8bit_send_command                 text13       001D74
_lcd_8bit_send_enable                  text14       00275E
_lcd_8bit_send_string                  text6        0022B6
_lcd_8bit_send_string_pos              text4        002700
_lcd_8bit_set_cursor                   text5        001B76
_led1                                  dataCOMRAM   000073
_led2                                  dataCOMRAM   000072
_led3                                  dataCOMRAM   000071
_led4                                  dataCOMRAM   000070
_led5                                  dataCOMRAM   00006F
_led6                                  dataCOMRAM   00006E
_led_initialize                        text11       0020BE
_led_turn_off                          text3        001FB6
_led_turn_on                           text2        001F32
_main                                  text0        00141C
_motor_1                               dataCOMRAM   00005E
_motor_2                               dataCOMRAM   00005C
_port_registers                        dataBANK0    00008A
_push_button_initialize                text10       002898
_ret                                   nvCOMRAM     000074
_seg_1                                 dataBANK0    0000BA
_seg_2                                 dataBANK0    0000B5
_seven_segment_write_number            text1        001E0A
_timer0_interrubt                      text37       0027AC
_timer0_preload                        bssCOMRAM    00001F
_timer1_preload                        bssCOMRAM    00001B
_timer2_preload                        bssCOMRAM    000030
_timer3_preload                        bssCOMRAM    000015
_tm0                                   dataBANK0    0000A8
_tris_registers                        dataBANK0    000094
btemp                                  temp         000075
end_of_initialization                  cinit        002694
gpio_pin_direction_initialize@pin      cstackCOMRAM 000043
gpio_pin_direction_initialize@ret      cstackCOMRAM 00004B
gpio_pin_initialize@pin                cstackCOMRAM 00004D
gpio_pin_initialize@ret                cstackCOMRAM 000050
gpio_pin_write_logic@log               cstackCOMRAM 000045
gpio_pin_write_logic@pin               cstackCOMRAM 000043
gpio_pin_write_logic@ret               cstackCOMRAM 00004C
i2Timer0_Write_Value@TM0_obj           cstackCOMRAM 000039
i2Timer0_Write_Value@value             cstackCOMRAM 00003B
i2_Timer0_Write_Value                  text47       0024F8
initialize_seven_segment@ret           cstackCOMRAM 000053
initialize_seven_segment@segment       cstackCOMRAM 000051
int$flags                              temp         000075
int_func                               intcode_body 001036
intlevel0                              text         000000
intlevel1                              text         000000
intlevel2                              text         000000
intlevel3                              text         000000
isa$std                                (abs)        000001
isa$xinst                              (abs)        000000
lcd_8bit_initialize@i                  cstackBANK0  0000E0
lcd_8bit_initialize@lcd_obj            cstackCOMRAM 000058
lcd_8bit_initialize@ret                cstackBANK0  0000E2
lcd_8bit_send_char@chr                 cstackCOMRAM 000052
lcd_8bit_send_char@i                   cstackCOMRAM 000056
lcd_8bit_send_char@lcd_obj             cstackCOMRAM 000050
lcd_8bit_send_char@ret                 cstackCOMRAM 000055
lcd_8bit_send_command@command          cstackCOMRAM 000052
lcd_8bit_send_command@i                cstackCOMRAM 000056
lcd_8bit_send_command@lcd_obj          cstackCOMRAM 000050
lcd_8bit_send_command@ret              cstackCOMRAM 000055
lcd_8bit_send_enable@lcd_obj           cstackCOMRAM 00004D
lcd_8bit_send_enable@ret               cstackCOMRAM 00004F
lcd_8bit_send_string@lcd_obj           cstackCOMRAM 000058
lcd_8bit_send_string@ret               cstackBANK0  0000E0
lcd_8bit_send_string@string            cstackCOMRAM 00005A
lcd_8bit_send_string_pos@column        cstackBANK0  0000E6
lcd_8bit_send_string_pos@lcd_obj       cstackBANK0  0000E3
lcd_8bit_send_string_pos@ret           cstackBANK0  0000E9
lcd_8bit_send_string_pos@row           cstackBANK0  0000E5
lcd_8bit_send_string_pos@string        cstackBANK0  0000E7
lcd_8bit_set_cursor@column             cstackCOMRAM 00005B
lcd_8bit_set_cursor@lcd_obj            cstackCOMRAM 000058
lcd_8bit_set_cursor@ret                cstackBANK0  0000E2
lcd_8bit_set_cursor@row                cstackCOMRAM 00005A
led_initialize@F3201                   bssCOMRAM    000034
led_initialize@led                     cstackCOMRAM 000051
led_initialize@pin_obj                 cstackCOMRAM 000055
led_initialize@ret                     cstackCOMRAM 000054
led_toggle@F3216                       bssCOMRAM    000031
led_turn_off@F3211                     bssCOMRAM    000032
led_turn_off@led                       cstackCOMRAM 00004D
led_turn_off@pin_obj                   cstackCOMRAM 000051
led_turn_off@ret                       cstackCOMRAM 000050
led_turn_on@F3206                      bssCOMRAM    000033
led_turn_on@led                        cstackCOMRAM 00004D
led_turn_on@pin_obj                    cstackCOMRAM 000051
led_turn_on@ret                        cstackCOMRAM 000050
push_button_initialize@btn             cstackCOMRAM 00004C
push_button_initialize@ret             cstackCOMRAM 00004E
relay_initialize@F3197                 bssCOMRAM    000038
relay_toggle@F3212                     bssCOMRAM    000035
relay_turn_off@F3207                   bssCOMRAM    000036
relay_turn_on@F3202                    bssCOMRAM    000037
seven_segment_write_number@number      cstackCOMRAM 00004F
seven_segment_write_number@ret         cstackCOMRAM 000050
seven_segment_write_number@segment     cstackCOMRAM 00004D
stackhi                                (abs)        000000
stacklo                                (abs)        000000
start                                  init         00000E
start_initialization                   cinit        00263C
ttemp5                                 temp         000076
ttemp6                                 temp         000079
ttemp7                                 temp         00007D
wtemp8                                 temp         000076


MODULE INFORMATION

Module		Function		Class		Link	Load	Size
MCAL_layer/Timer3/Timer3.c
		_TIMER3_ISR    		CODE           	2A10	0000	12

MCAL_layer/Timer3/Timer3.c estimated size: 12

MCAL_layer/CCP/CCP1.c
		_CCP1_ISR      		CODE           	2A46	0000	4
		_CCP2_ISR      		CODE           	2A42	0000	4

MCAL_layer/CCP/CCP1.c estimated size: 8

MCAL_layer/GPIO/hal_gpio.c
		_gpio_pin_write_logic		CODE           	1920	0000	300
		_gpio_pin_direction_initialize		CODE           	16A0	0000	324
		_gpio_pin_initialize		CODE           	2566	0000	108

MCAL_layer/GPIO/hal_gpio.c estimated size: 732

MCAL_layer/Timer2/Timer2.c
		_TIMER2_ISR    		CODE           	2A32	0000	8

MCAL_layer/Timer2/Timer2.c estimated size: 8

MCAL_layer/Interrupt/mcal_Interrupt_manger.c
		_Interrupt_manager		CODE           	0008	0000	1004

MCAL_layer/Interrupt/mcal_Interrupt_manger.c estimated size: 1004

MCAL_layer/Timer1/Timer1.c
		_TIMER1_ISR    		CODE           	2A1C	0000	12

MCAL_layer/Timer1/Timer1.c estimated size: 12

MCAL_layer/Uart/uart.c
		_EUSART_RX_ISR 		CODE           	2A4E	0000	2
		_EUSART_TX_ISR 		CODE           	2A3E	0000	4

MCAL_layer/Uart/uart.c estimated size: 6

MCAL_layer/Interrupt/mcal_external_Interrupt.c
		_Interrupt_INTx_Edge_init		CODE           	1A4C	0000	298
		_Interrupt_INTx_Call_Back		CODE           	1C42	0000	156
		_Interrupt_INTx_Clear_flag		CODE           	2418	0000	114
		_Interrupt_INTx_Enable		CODE           	21BE	0000	126
		_RB4_ISR       		CODE           	29DE	0000	26
		_RB5_ISR       		CODE           	29C4	0000	26
		_RB6_ISR       		CODE           	29AA	0000	26
		_RB7_ISR       		CODE           	2990	0000	26
		_Interrupt_INTx_Init		CODE           	248A	0000	110
		_Interrupt_INTx_Pin_init		CODE           	2868	0000	48
		_Interrupt_INTx_Disable		CODE           	23A6	0000	114
		_INT0_ISR      		CODE           	2922	0000	46
		_INT1_ISR      		CODE           	28F4	0000	46
		_INT2_ISR      		CODE           	28C6	0000	46

MCAL_layer/Interrupt/mcal_external_Interrupt.c estimated size: 1208

MCAL_layer/Timer0/Timer0.c
		_Timer0_init   		CODE           	1E9E	0000	148
		_Timer0_Write_Value		CODE           	232E	0000	120
		_Timer0_Prescaler_select		CODE           	203A	0000	132
		_Timer0_REGISTER_select		CODE           	25D2	0000	106
		_Timer0_Mode_select		CODE           	213E	0000	128
		_TIMER0_ISR    		CODE           	2832	0000	54

MCAL_layer/Timer0/Timer0.c estimated size: 688

ECU_layer/Char_lCD/ecu_chr_lcd.c
		_lcd_8bit_send_enable		CODE           	275E	0000	78
		_lcd_8bit_set_cursor		CODE           	1B76	0000	204
		_lcd_8bit_initialize		CODE           	17E4	0000	316
		_lcd_8bit_send_string		CODE           	22B6	0000	120
		_lcd_8bit_send_command		CODE           	1D74	0000	150
		_lcd_8bit_send_string_pos		CODE           	2700	0000	94
		_lcd_8bit_send_char		CODE           	1CDE	0000	150

ECU_layer/Char_lCD/ecu_chr_lcd.c estimated size: 1112

ECU_layer/ecu_initialize.c
		_ecu_initialize		CODE           	223C	0000	122

ECU_layer/ecu_initialize.c estimated size: 122

ECU_layer/push_button/ecu_push_button.c
		_push_button_initialize		CODE           	2898	0000	46

ECU_layer/push_button/ecu_push_button.c estimated size: 46

shared
		i2_Timer0_Write_Value		CODE           	24F8	0000	110
		_btn_values    		SMALLCONST     	1001	0000	12
		__initialization		CODE           	263C	0000	88

shared estimated size: 210

MCAL_layer/SPI/spi.c
		_SPI_ISR       		CODE           	2A3A	0000	4

MCAL_layer/SPI/spi.c estimated size: 4

ECU_layer/LED/ecu_led.c
		_led_initialize		CODE           	20BE	0000	128
		_led_turn_on   		CODE           	1F32	0000	132
		_led_turn_off  		CODE           	1FB6	0000	132

ECU_layer/LED/ecu_led.c estimated size: 392

MCAL_layer/ADC/hal_ADC.c
		_ADC_ISR       		CODE           	2A4A	0000	4

MCAL_layer/ADC/hal_ADC.c estimated size: 4

ECU_layer/seven_segment/ecu_seven_segment.c
		_seven_segment_write_number		CODE           	1E0A	0000	148
		_initialize_seven_segment		CODE           	269E	0000	98

ECU_layer/seven_segment/ecu_seven_segment.c estimated size: 246

application.c
		_application_initialize		CODE           	2A28	0000	10
		_main          		CODE           	141C	0000	644

application.c estimated size: 654

MCAL_layer/Mcal_Initialize.c
		_Mcal_initialize		CODE           	2976	0000	26
		_timer0_interrubt		CODE           	27AC	0000	70
		_INT0_interrubt		CODE           	2950	0000	38

MCAL_layer/Mcal_Initialize.c estimated size: 134

